// Jest Snapshot v1, https://goo.gl/fbAQLP

exports[`expect to render inputContainer component 1`] = `ShallowWrapper {}`;
