// Jest Snapshot v1, https://goo.gl/fbAQLP

exports[`expect to render spinner component 1`] = `ShallowWrapper {}`;
